procs -----------memory---------- ---swap-- -----io---- -system-- -------cpu-------
 r  b   swpd   free   buff  cache   si   so    bi    bo   in   cs us sy id wa st gu
 0  1      0 1067208 151936 5044280    0    0   192  2287 2660   28 22  6 72  1  0  0
13  0      0 874968 151988 5073504    0    0 14612     0 6859 15905 48 14 29  9  0  0
 1  0      0 866088 151988 5073504    0    0     0   132 10342 13630 42  9 50  0  0  0
 7  0      0 873536 151988 5073504    0    0     0   128 9886 13909 48  9 43  0  0  0
 1  0      0 797708 151988 5073888    0    0     0  1712 4027 9324 49  6 45  0  0  0
 1  0      0 693544 151988 5073904    0    0     0   244 2684 4953 37 12 52  0  0  0
 1  0      0 693560 151988 5073920    0    0     0   116 3118 6380 35 13 52  0  0  0
 7  0      0 756024 151988 5073956    0    0     0   220 3647 8439 46 12 42  0  0  0
 1  0      0 752868 152004 5073988    0    0     0   294 2247 3976 32  9 59  0  0  0
 1  0      0 734908 152004 5074052    0    0     0   148 3215 6367 45 11 44  0  0  0
 0  0      0 708824 152004 5074088    0    0     0   200 3831 7994 50 12 38  0  0  0
 1  0      0 784720 152004 5074120    0    0     0    56 2514 4722 34  9 57  0  0  0
 0  0      0 669292 152004 5074136    0    0     0   184 3000 5705 42 11 47  0  0  0
 1  0      0 808704 152004 5074188    0    0     0   168 3858 9674 43 12 45  0  0  0
 4  0      0 649108 152004 5074200    0    0     0    56 2341 4176 34 13 52  0  0  0
 1  0      0 605736 152004 5074216    0    0     0   206 3348 7208 49 12 39  0  0  0
 0  0      0 793008 152004 5074268    0    0     0   216 3370 9098 41 12 47  0  0  0
 0  0      0 818300 152004 5074284    0    0     0    24 2632 4723 40 10 50  0  0  0
 1  0      0 806824 152004 5074300    0    0     0   168 3505 9202 37 12 52  0  0  0
 0  0      0 796416 152004 5074332    0    0     0    36 3089 6851 35 11 54  0  0  0
 1  0      0 888616 152004 5074364    0    0     0   156 2776 5671 42 13 44  0  0  0
 1  0      0 759680 152004 5074384    0    0     0   362 3028 7374 40 13 47  0  0  0
 2  0      0 750416 152004 5074400    0    0     0    36 3163 7372 48 13 39  0  0  0
 1  0      0 772276 152012 5074416    0    0     0   208 2482 4221 37 14 49  0  0  0
 1  0      0 713628 152012 5074464    0    0     0   188 2590 4713 36 10 54  0  0  0
 0  0      0 750352 152012 5074480    0    0     0    24 3501 8135 48 14 38  0  0  0
 2  0      0 722376 152012 5074528    0    0     0   156 2301 4376 34 10 56  0  0  0
 1  0      0 643712 152012 5074564    0    0     0    28 2743 5343 36 14 50  0  0  0
 1  0      0 728936 152012 5074612    0    0     0   192 3496 7790 45 11 44  0  0  0
 1  0      0 826328 152012 5074628    0    0     0   148 2339 4081 33  9 58  0  0  0
 1  0      0 691728 152012 5074644    0    0     0    28 3277 6155 54 12 34  0  0  0
 9  0      0 743268 152012 5074660    0    0     0   148 2701 6071 30 11 59  0  0  0
 1  0      0 746212 152012 5074692    0    0     0   164 2350 4254 28  9 62  0  0  0
 0  0      0 785800 152012 5074712    0    0     0    28 2886 5854 38 10 51  0  0  0
 6  0      0 866044 152012 5074728    0    0     0   152 2481 4983 32 11 57  0  0  0
 8  0      0 767052 152012 5074728    0    0     0     0 2523 5111 29 10 61  0  0  0
 2  0      0 778492 152012 5074744    0    0     0   244 3202 6298 45  6 49  0  0  0
 0  0      0 844692 152012 5074760    0    0     0   152 2151 4009 25 10 66  0  0  0
 1  0      0 768640 152020 5074796    0    0     0   296 3375 7512 39 11 50  0  0  0
 1  0      0 760108 152020 5074844    0    0     0    68 3557 8148 47 10 43  0  0  0
 1  0      0 773356 152020 5074860    0    0     0   148 2315 4233 37 10 54  0  0  0
 1  0      0 780504 152020 5074868    0    0     0    28 3916 9430 51 14 35  0  0  0
 1  0      0 730220 152020 5074924    0    0     0   152 3198 7827 38 14 47  0  0  0
 2  0      0 772284 152020 5074940    0    0     0    20 2485 4534 33 13 54  0  0  0
 6  0      0 688096 152020 5074960    0    0     0   800 2479 4360 40 12 48  0  0  0
 1  0      0 700596 152020 5074980    0    0     0   156 2911 6532 37 10 52  0  0  0
 1  0      0 665620 152020 5075012    0    0     0    20 2672 5222 41 10 48  0  0  0
 8  0      0 625372 152020 5075028    0    0     0   150 3149 6646 46 10 44  0  0  0
 0  1      0 659552 152020 5075044    0    0     0   164 2931 6711 37 11 52  0  0  0
 0  0      0 706664 152020 5075092    0    0     0    30 2625 5597 37 10 53  0  0  0
 0  0      0 652508 152020 5075128    0    0     0   152 2921 6660 34  9 56  0  0  0
 2  0      0 770612 152020 5075136    0    0     0     0 3796 9673 42 14 44  0  0  0
 1  0      0 758800 152020 5075152    0    0     0   152 2362 4433 34  8 58  0  0  0
 0  0      0 749264 152024 5075200    0    0     0   208 2777 5626 37  9 54  0  0  0
 1  0      0 789884 152024 5075200    0    0     0   128 3447 8576 38 13 49  0  0  0
 1  0      0 726032 152024 5075236    0    0     0   108 2130 4078 27  9 64  0  0  0
 2  0      0 725560 152024 5075252    0    0     0   156 3142 6307 47  9 44  0  0  0
 1  0      0 779792 152024 5075272    0    0     0    24 3041 7384 40  8 52  0  0  0
 1  0      0 711156 152024 5075288    0    0     0   148 2294 4127 29  9 61  0  0  0
 1  0      0 721048 152024 5075304    0    0     0    20 3122 7089 37  7 56  0  0  0
 1  0      0 830340 152024 5075340    0    0     0   152 3158 7766 28 11 61  0  0  0
 0  0      0 786216 152028 5075456    0    0    50   148 2488 4577 34 10 57  0  0  0
 0  0      0 742340 152028 5075488    0    0     0    20 2866 6175 39 11 51  0  0  0
 1  0      0 668272 152040 5091888    0    0     0  8404 3466 8357 37 12 51  1  0  0
 0  0      0 729444 152040 5094088    0    0     0  2036 4230 7906 57  9 34  0  0  0
