procs -----------memory---------- ---swap-- -----io---- -system-- -------cpu-------
 r  b   swpd   free   buff  cache   si   so    bi    bo   in   cs us sy id wa st gu
 1  0      0 1106452 152996 5105016    0    0   192  2221 2672   29 22  6 71  1  0  0
 9  0      0 533496 152996 5105024    0    0     0     0 6653 16357 53 21 27  0  0  0
12  0      0 477184 152996 5105024    0    0     0     0 12759 27557 58 13 29  0  0  0
 1  0      0 456312 152996 5105024    0    0     0    12 13296 35235 65 15 20  0  0  0
22  0      0 454940 152996 5105024    0    0     0     8 13717 32215 57 13 30  0  0  0
 7  0      0 426532 152996 5105636    0    0     0   556 10393 23199 65 11 24  0  0  0
 1  0      0 269316 152996 5106856    0    0     0   564 5185 10148 71 14 15  0  0  0
 5  0      0 205360 152996 5106904    0    0     0  1168 3023 4132 67 13 21  0  0  0
 4  0      0 466812 132508 5015320    0    0     0    20 3923 7750 73 23  4  0  0  0
 2  0      0 392944 132508 5015372    0    0     0    40 3359 4937 64 17 19  0  0  0
 2  0      0 353436 132508 5015440    0    0     0    40 2920 4181 66 18 16  0  0  0
 4  0      0 260856 132508 5015464    0    0     0    22 4101 8517 76 14 10  0  0  0
 2  0      0 318740 132508 5015500    0    0     0    62 3754 7255 65 16 20  0  0  0
 2  0      0 366096 132516 5015532    0    0     0    90 3429 5711 68 21 10  0  0  0
 3  0      0 360352 132516 5015548    0    0     0    20 3673 6459 74 23  3  0  0  0
 2  0      0 267892 132516 5015628    0    0    30   110 3724 6397 61 20 18  0  0  0
 2  0      0 200696 132516 5015660    0    0     0    44 3163 4634 71 14 15  0  0  0
 3  0      0 334008 132516 5015692    0    0     0    40 3938 8213 67 16 18  0  0  0
 3  0      0 303396 132552 5015732    0    0     0   502 4059 8787 75 24  1  0  0  0
 1  0      0 229904 132552 5015744    0    0     0   296 3128 4883 68 23 10  0  0  0
 2  0      0 213636 132552 5015760    0    0     0   120 3603 6535 69 17 14  0  0  0
 4  0      0 370756 132552 5015792    0    0     0   364 3515 6027 68 15 18  0  0  0
 2  0      0 403384 132552 5015828    0    0     0   836 3116 4759 67 14 19  0  0  0
 4  0      0 344756 132552 5015860    0    0     0   208 3791 7050 65 21 14  0  0  0
 2  0      0 346604 132552 5015860    0    0     0   192 3867 6937 75 23  2  0  0  0
 2  0      0 279600 132552 5015896    0    0     0   192 3176 4666 62 20 18  0  0  0
 2  0      0 280548 132552 5015956    0    0     0   170 4216 7820 75 13 12  0  0  0
10  0      0 320100 132552 5016000    0    0     0   252 3771 6733 68 17 15  0  0  0
 1  0      0 243932 132552 5016052    0    0     0   116 3492 5411 65 22 13  0  0  0
 2  0      0 245724 132552 5016068    0    0     0   180 3859 7803 69 22  9  0  0  0
 6  0      0 237172 132552 5016100    0    0     0   180 3075 4571 67 20 14  0  0  0
 2  0      0 224052 132552 5016136    0    0     0    90 3349 5812 68 16 17  0  0  0
 2  0      0 298808 132552 5016196    0    0     0   216 3723 6723 69 18 13  0  0  0
 8  0      0 302372 132560 5016212    0    0     0   416 3069 4173 72 22  6  0  0  0
 7  0      0 302348 132560 5016216    0    0     0    10 4114 8934 69 22  9  0  0  0
 2  0      0 229516 132560 5016244    0    0     0   216 3566 6073 66 18 16  0  0  0
 4  0      0 322316 132560 5016292    0    0     0    72 3276 5097 72 11 18  0  0  0
 1  0      0 341380 132560 5016348    0    0     0   204 4099 8459 64 22 14  0  0  0
 0  0      0 289156 132560 5016376    0    0     0   192 3256 5534 70 24  6  0  0  0
 2  0      0 282492 132560 5016376    0    0     0     0 2821 3779 62 24 15  0  0  0
 4  0      0 346512 132560 5016428    0    0     0   332 4153 8101 76 11 14  0  0  0
 1  0      0 429884 132560 5016460    0    0     0   660 3446 5638 69 17 13  0  0  0
 2  0      0 321204 132560 5016492    0    0     0   164 2930 4646 62 19 19  0  0  0
 2  0      0 244604 132560 5016544    0    0     0   198 3930 7767 68 22 11  0  0  0
 1  0      0 304492 132560 5016592    0    0     0    68 3679 6462 72 14 14  0  0  0
 3  0      0 361816 132560 5016612    0    0     0   156 2935 5119 63 17 20  0  0  0
 3  0      0 381804 132560 5016644    0    0     0   188 3653 7040 67 14 19  0  0  0
 1  0      0 421332 132560 5016712    0    0     0    56 3453 6716 62 20 18  0  0  0
 2  0      0 276632 132560 5016860    0    0    64   282 3409 5958 68 21 11  0  0  0
 3  0      0 355040 132560 5016872    0    0     0    42 3684 7202 65 12 23  0  0  0
 2  0      0 380792 132560 5016940    0    0     0   184 3517 5984 61 19 20  0  0  0
 1  0      0 284888 132560 5016972    0    0     0   184 3073 5224 65 13 22  0  0  0
 2  0      0 350092 132560 5016988    0    0     0    32 3858 7462 69 18 13  0  0  0
 6  0      0 395848 132560 5017040    0    0     0   188 3218 5391 61 15 25  0  0  0
 2  0      0 425288 132560 5017120    0    0     0   180 3178 5756 66 16 18  0  0  0
 5  0      0 353356 132560 5017168    0    0     0    48 3611 6121 68 23  9  0  0  0
12  0      0 436232 132576 5017172    0    0     0   790 4817 11415 69 20 12  0  0  0
 2  0      0 356952 132576 5017188    0    0     0    32 3437 6946 64 13 22  0  0  0
 1  0      0 384564 132576 5017224    0    0     0   228 3810 8638 59 17 24  0  0  0
 6  0      0 335844 132576 5017256    0    0     0   188 3186 5774 63 13 24  0  0  0
 1  0      0 266856 132576 5017304    0    0     0    60 3227 5258 69 21  9  0  0  0
 4  0      0 246236 132576 5017304    0    0     0   128 4374 10313 63 21 17  0  0  0
12  0      0 246068 132576 5017372    0    0     0   180 2900 4469 57 10 33  0  0  0
 5  0      0 253432 132576 5017432    0    0     0    52 3185 5357 54 20 26  0  0  0
 4  0      0 245076 132576 5017432    0    0     0   136 3627 6600 66 24 11  0  0  0
 3  0      0 274980 132592 5017480    0    0     0   130 2598 3591 52 10 38  0  0  0
 2  0      0 381260 132592 5017540    0    0     0   212 3982 8015 60 16 24  0  0  0
 1  0      0 378452 132592 5017544    0    0     0   154 3974 7427 68 20 12  0  0  0
 1  0      0 377296 132592 5017608    0    0     0   140 2749 4344 57 10 34  0  0  0
 1  0      0 324032 132592 5017608    0    0     0    64 3553 7134 54 16 29  0  0  0
 1  0      0 317008 132592 5017640    0    0     0   178 3688 7170 64 14 21  0  0  0
 1  0      0 240852 132592 5017684    0    0     0   108 2934 4654 58 18 24  0  0  0
 1  0      0 359128 132592 5017760    0    0     0   192 4026 9305 68 14 18  0  0  0
 0  0      0 319392 132592 5017780    0    0     0    66 3475 6682 45 13 41  0  0  0
 3  0      0 356240 132592 5017812    0    0     0   176 2709 4191 59 20 21  0  0  0
 1  0      0 270228 132592 5017836    0    0     0   152 3517 6952 62 16 22  0  0  0
 3  0      0 317204 132592 5017860    0    0     0    24 4147 8534 58 16 27  0  0  0
 1  0      0 372512 132592 5017904    0    0     0   184 2796 4481 55 17 28  0  0  0
 1  0      0 244420 132592 5017932    0    0     0    24 4485 11930 61 17 22  0  0  0
 8  0      0 292320 132592 5017948    0    0     6   172 3373 7346 54 14 33  0  0  0
 0  0      0 404720 132600 5018028    0    0     0   218 3076 5858 57 12 31  0  0  0
 5  0      0 333080 132600 5018056    0    0     0    30 3739 7723 60 17 24  0  0  0
 1  0      0 381420 132600 5018104    0    0     0   178 3298 6706 58 12 31  0  0  0
 1  0      0 379660 132600 5018136    0    0     0   152 2989 5050 61 18 21  0  0  0
 2  0      0 325572 132600 5018196    0    0     0    56 4081 10779 54 13 33  0  0  0
 6  0      0 476052 132608 5018240    0    0     0   218 2749 4250 51 11 37  0  0  0
 2  0      0 388380 132608 5022268    0    0     0  1956 3919 8091 77 18  5  0  0  0
 6  0      0 323900 132608 5023788    0    0     0   684 4182 9478 64 15 21  0  0  0
14  0      0 324932 132608 5025684    0    0     0   898 3187 6292 42  8 50  0  0  0
